
OpenSBI v0.4 (Jul  2 2019 11:53:53)
   ____                    _____ ____ _____
  / __ \                  / ____|  _ \_   _|
 | |  | |_ __   ___ _ __ | (___ | |_) || |
 | |  | | '_ \ / _ \ '_ \ \___ \|  _ < | |
 | |__| | |_) |  __/ | | |____) | |_) || |_
  \____/| .__/ \___|_| |_|_____/|____/_____|
        | |
        |_|

Platform Name          : QEMU Virt Machine
Platform HART Features : RV64ACDFIMSU
Platform Max HARTs     : 8
Current Hart           : 0
Firmware Base          : 0x80000000
Firmware Size          : 112 KB
Runtime SBI Version    : 0.1

PMP0: 0x0000000080000000-0x000000008001ffff (A)
PMP1: 0x0000000000000000-0xffffffffffffffff (A,R,W,X)
DTB Init
HartID: 0
DTB Address: 0x82200000
Physical Memory from DTB:
  Base: 0x0000000080000000
  Size: 0x0000000008000000 (128 MB)
  End:  0x0000000087ffffff
DTB init completed
(THU.CST) os is loading ...
Special kernel symbols:
  entry  0xffffffffc02000d8 (virtual)
  etext  0xffffffffc0201b96 (virtual)
  edata  0xffffffffc0206018 (virtual)
  end    0xffffffffc0206af4 (virtual)
Kernel executable memory footprint: 27KB
memory management: buddy_pmm_manager
physcial memory map:
  memory: 0x0000000008000000, [0x0000000080000000, 0x0000000087ffffff].
Buddy System: initialized 31929 pages (actual: 32768)
Buddy System Check Start...
Test 1: Allocating single pages...
Test 1 Passed!
Test 2: Freeing pages...
Test 2 Passed!
Test 3: Allocating multiple pages...
Allocated 5 pages (actual: 8)
Allocated 3 pages (actual: 4)
Test 3 Passed!
Test 4: Testing merge...
Test 4 Passed!
Test 5: Large allocation...
Free pages before: 32768
Allocated 16384 pages
Freed 16384 pages
Free pages after: 32768
Test 5 Passed!
Test 6: Boundary test...
Test 6 Passed!
Test 7: Exhaustion test...
Total free pages: 32768
Allocated all 32768 pages
Cannot allocate when memory is full - Correct!
Freed all 32768 pages
Free pages after release: 32768
Can allocate after freeing - Correct!
Test 7 Passed!
Buddy System Check Passed!
check_alloc_page() succeeded!
Initializing SLUB allocator...
SLUB: Initializing SLUB allocator...
SLUB: Created cache 'kmalloc-64', objsize=64, size=64, order=0, objects=64
SLUB: Created cache 'kmalloc-128', objsize=128, size=128, order=0, objects=32
SLUB: Created cache 'kmalloc-256', objsize=256, size=256, order=0, objects=16
SLUB: Created cache 'kmalloc-512', objsize=512, size=512, order=0, objects=8
SLUB: Created cache 'kmalloc-1024', objsize=1024, size=1024, order=0, objects=4
SLUB: Created cache 'kmalloc-2048', objsize=2048, size=2048, order=0, objects=2
SLUB: Created cache 'kmalloc-4096', objsize=4096, size=4096, order=0, objects=1
SLUB: Initialization complete
SLUB allocator initialized!
Checking SLUB allocator...
SLUB: Starting SLUB allocator tests...
Test 1: Basic allocation and free...
Test 1 Passed!
Test 2: Multiple allocations...
Test 2 Passed!
Test 3: Different sizes...
Test 3 Passed!
Test 4: Cache statistics...
Cache Information:
  kmalloc-4096: alloc=0, free=0, partial=0
  kmalloc-2048: alloc=1, free=0, partial=1
  kmalloc-1024: alloc=0, free=0, partial=0
  kmalloc-512: alloc=1, free=0, partial=1
  kmalloc-256: alloc=1, free=0, partial=1
  kmalloc-128: alloc=11, free=0, partial=1
  kmalloc-64: alloc=2, free=0, partial=1
Test 4 Passed!
SLUB: All tests passed!
SLUB allocator check passed!
satp virtual address: 0xffffffffc0205000
satp physical address: 0x0000000080205000
